Text file to test the 0-add module
>>> printer = __import__('4-print_square')
>>> printer.print_square(4)
####
####
####
####
>>> printer.print_square(-2.3)
Traceback (most recent call last):
    ...
TypeError: size must be an integer
>>> printer.print_square(4.8)
Traceback (most recent call last):
    ...
TypeError: size must be an integer
>>> printer.print_square(-5)
Traceback (most recent call last):
    ...
ValueError: size must be >= 0
>>> printer.print_square()
Traceback (most recent call last):
    ...
TypeError: print_square() missing 1 required positional argument: 'size'
